.EE                                                                      [100%]
==================================== ERRORS ====================================
_ ERROR at setup of test_diagnostics_link_decisions_writes_visibility_and_retrieval _

    async def _setup() -> str:
        configured = get_settings().test_dsn
        admin_dsn, prefix = _split_dsn(configured)
        if not re.fullmatch(r"[a-zA-Z0-9_]+", prefix):
            raise ValueError(
                "test database name must contain only letters, numbers and underscores"
            )
        # Never drop a configured database. Each pytest invocation owns a new one.
        db_name = prefix[:35] + "_" + uuid4().hex[:12]
        dsn = urlunsplit(urlsplit(configured)._replace(path="/" + db_name))
        try:
>           admin = await asyncpg.connect(admin_dsn, timeout=5)
                    ^^^^^^^^^^^^^^^^^^^^^^^^^^^^^^^^^^^^^^^^^^^

tests/conftest.py:86: 
_ _ _ _ _ _ _ _ _ _ _ _ _ _ _ _ _ _ _ _ _ _ _ _ _ _ _ _ _ _ _ _ _ _ _ _ _ _ _ _ 
.venv/lib/python3.12/site-packages/asyncpg/connection.py:2443: in connect
    return await connect_utils._connect(
.venv/lib/python3.12/site-packages/asyncpg/connect_utils.py:1249: in _connect
    raise last_error or exceptions.TargetServerAttributeNotMatched(
.venv/lib/python3.12/site-packages/asyncpg/connect_utils.py:1218: in _connect
    conn = await _connect_addr(
.venv/lib/python3.12/site-packages/asyncpg/connect_utils.py:1054: in _connect_addr
    return await __connect_addr(params, True, *args)
           ^^^^^^^^^^^^^^^^^^^^^^^^^^^^^^^^^^^^^^^^^
.venv/lib/python3.12/site-packages/asyncpg/connect_utils.py:1099: in __connect_addr
    tr, pr = await connector
             ^^^^^^^^^^^^^^^
.venv/lib/python3.12/site-packages/asyncpg/connect_utils.py:969: in _create_ssl_connection
    tr, pr = await loop.create_connection(
_ _ _ _ _ _ _ _ _ _ _ _ _ _ _ _ _ _ _ _ _ _ _ _ _ _ _ _ _ _ _ _ _ _ _ _ _ _ _ _ 

self = <_UnixSelectorEventLoop running=False closed=True debug=False>
protocol_factory = <function _create_ssl_connection.<locals>.<lambda> at 0x109ee85e0>
host = 'localhost', port = 5432, ssl = None, family = 0, proto = 0, flags = 0
sock = None, local_addr = None, server_hostname = None
ssl_handshake_timeout = None, ssl_shutdown_timeout = None
happy_eyeballs_delay = None, interleave = None, all_errors = False

    async def create_connection(
            self, protocol_factory, host=None, port=None,
            *, ssl=None, family=0,
            proto=0, flags=0, sock=None,
            local_addr=None, server_hostname=None,
            ssl_handshake_timeout=None,
            ssl_shutdown_timeout=None,
            happy_eyeballs_delay=None, interleave=None,
            all_errors=False):
        """Connect to a TCP server.
    
        Create a streaming transport connection to a given internet host and
        port: socket family AF_INET or socket.AF_INET6 depending on host (or
        family if specified), socket type SOCK_STREAM. protocol_factory must be
        a callable returning a protocol instance.
    
        This method is a coroutine which will try to establish the connection
        in the background.  When successful, the coroutine returns a
        (transport, protocol) pair.
        """
        if server_hostname is not None and not ssl:
            raise ValueError('server_hostname is only meaningful with ssl')
    
        if server_hostname is None and ssl:
            # Use host as default for server_hostname.  It is an error
            # if host is empty or not set, e.g. when an
            # already-connected socket was passed or when only a port
            # is given.  To avoid this error, you can pass
            # server_hostname='' -- this will bypass the hostname
            # check.  (This also means that if host is a numeric
            # IP/IPv6 address, we will attempt to verify that exact
            # address; this will probably fail, but it is possible to
            # create a certificate for a specific IP address, so we
            # don't judge it here.)
            if not host:
                raise ValueError('You must set server_hostname '
                                 'when using ssl without a host')
            server_hostname = host
    
        if ssl_handshake_timeout is not None and not ssl:
            raise ValueError(
                'ssl_handshake_timeout is only meaningful with ssl')
    
        if ssl_shutdown_timeout is not None and not ssl:
            raise ValueError(
                'ssl_shutdown_timeout is only meaningful with ssl')
    
        if sock is not None:
            _check_ssl_socket(sock)
    
        if happy_eyeballs_delay is not None and interleave is None:
            # If using happy eyeballs, default to interleave addresses by family
            interleave = 1
    
        if host is not None or port is not None:
            if sock is not None:
                raise ValueError(
                    'host/port and sock can not be specified at the same time')
    
            infos = await self._ensure_resolved(
                (host, port), family=family,
                type=socket.SOCK_STREAM, proto=proto, flags=flags, loop=self)
            if not infos:
                raise OSError('getaddrinfo() returned empty list')
    
            if local_addr is not None:
                laddr_infos = await self._ensure_resolved(
                    local_addr, family=family,
                    type=socket.SOCK_STREAM, proto=proto,
                    flags=flags, loop=self)
                if not laddr_infos:
                    raise OSError('getaddrinfo() returned empty list')
            else:
                laddr_infos = None
    
            if interleave:
                infos = _interleave_addrinfos(infos, interleave)
    
            exceptions = []
            if happy_eyeballs_delay is None:
                # not using happy eyeballs
                for addrinfo in infos:
                    try:
                        sock = await self._connect_sock(
                            exceptions, addrinfo, laddr_infos)
                        break
                    except OSError:
                        continue
            else:  # using happy eyeballs
                sock = (await staggered.staggered_race(
                    (
                        # can't use functools.partial as it keeps a reference
                        # to exceptions
                        lambda addrinfo=addrinfo: self._connect_sock(
                            exceptions, addrinfo, laddr_infos
                        )
                        for addrinfo in infos
                    ),
                    happy_eyeballs_delay,
                    loop=self,
                ))[0]  # can't use sock, _, _ as it keeks a reference to exceptions
    
            if sock is None:
                exceptions = [exc for sub in exceptions for exc in sub]
                try:
                    if all_errors:
                        raise ExceptionGroup("create_connection failed", exceptions)
                    if len(exceptions) == 1:
                        raise exceptions[0]
                    else:
                        # If they all have the same str(), raise one.
                        model = str(exceptions[0])
                        if all(str(exc) == model for exc in exceptions):
                            raise exceptions[0]
                        # Raise a combined exception so the user can see all
                        # the various error messages.
>                       raise OSError('Multiple exceptions: {}'.format(
                            ', '.join(str(exc) for exc in exceptions)))
E                           OSError: Multiple exceptions: [Errno 61] Connect call failed ('::1', 5432, 0, 0), [Errno 61] Connect call failed ('127.0.0.1', 5432)

../../../.local/share/uv/python/cpython-3.12.12-macos-aarch64-none/lib/python3.12/asyncio/base_events.py:1140: OSError

During handling of the above exception, another exception occurred:

self = <Coroutine test_diagnostics_link_decisions_writes_visibility_and_retrieval>

    def setup(self) -> None:
        runner_fixture_id = f"_{self._loop_scope}_scoped_runner"
        if runner_fixture_id not in self.fixturenames:
            self.fixturenames.append(runner_fixture_id)
        # When loop factories are configured, resolve the loop factory
        # fixture early so that a factory variant change cascades cache
        # invalidation before any async fixture checks its cache.
        hook_caller = self.config.hook.pytest_asyncio_loop_factories
        if hook_caller.get_hookimpls():
            _ = self._request.getfixturevalue(_asyncio_loop_factory.__name__)
>       return super().setup()
               ^^^^^^^^^^^^^^^

.venv/lib/python3.12/site-packages/pytest_asyncio/plugin.py:558: 
_ _ _ _ _ _ _ _ _ _ _ _ _ _ _ _ _ _ _ _ _ _ _ _ _ _ _ _ _ _ _ _ _ _ _ _ _ _ _ _ 
.venv/lib/python3.12/site-packages/pytest_asyncio/plugin.py:926: in pytest_fixture_setup
    return (yield)
            ^^^^^
tests/conftest.py:103: in _disposable_test_db
    dsn = asyncio.run(_setup())
          ^^^^^^^^^^^^^^^^^^^^^
../../../.local/share/uv/python/cpython-3.12.12-macos-aarch64-none/lib/python3.12/asyncio/runners.py:195: in run
    return runner.run(main)
           ^^^^^^^^^^^^^^^^
../../../.local/share/uv/python/cpython-3.12.12-macos-aarch64-none/lib/python3.12/asyncio/runners.py:118: in run
    return self._loop.run_until_complete(task)
           ^^^^^^^^^^^^^^^^^^^^^^^^^^^^^^^^^^^
../../../.local/share/uv/python/cpython-3.12.12-macos-aarch64-none/lib/python3.12/asyncio/base_events.py:691: in run_until_complete
    return future.result()
           ^^^^^^^^^^^^^^^
_ _ _ _ _ _ _ _ _ _ _ _ _ _ _ _ _ _ _ _ _ _ _ _ _ _ _ _ _ _ _ _ _ _ _ _ _ _ _ _ 

    async def _setup() -> str:
        configured = get_settings().test_dsn
        admin_dsn, prefix = _split_dsn(configured)
        if not re.fullmatch(r"[a-zA-Z0-9_]+", prefix):
            raise ValueError(
                "test database name must contain only letters, numbers and underscores"
            )
        # Never drop a configured database. Each pytest invocation owns a new one.
        db_name = prefix[:35] + "_" + uuid4().hex[:12]
        dsn = urlunsplit(urlsplit(configured)._replace(path="/" + db_name))
        try:
            admin = await asyncpg.connect(admin_dsn, timeout=5)
        except (OSError, asyncpg.PostgresError) as exc:
            if os.environ.get("CI") or os.environ.get("MNEMO_REQUIRE_DB") == "1":
>               pytest.fail(f"Required Postgres integration database unavailable: {exc!s}")
E               Failed: Required Postgres integration database unavailable: Multiple exceptions: [Errno 61] Connect call failed ('::1', 5432, 0, 0), [Errno 61] Connect call failed ('127.0.0.1', 5432)

tests/conftest.py:89: Failed
_ ERROR at setup of test_original_mustkeep_query_survives_later_same_predicate_truth _

    async def _setup() -> str:
        configured = get_settings().test_dsn
        admin_dsn, prefix = _split_dsn(configured)
        if not re.fullmatch(r"[a-zA-Z0-9_]+", prefix):
            raise ValueError(
                "test database name must contain only letters, numbers and underscores"
            )
        # Never drop a configured database. Each pytest invocation owns a new one.
        db_name = prefix[:35] + "_" + uuid4().hex[:12]
        dsn = urlunsplit(urlsplit(configured)._replace(path="/" + db_name))
        try:
>           admin = await asyncpg.connect(admin_dsn, timeout=5)
                    ^^^^^^^^^^^^^^^^^^^^^^^^^^^^^^^^^^^^^^^^^^^

tests/conftest.py:86: 
_ _ _ _ _ _ _ _ _ _ _ _ _ _ _ _ _ _ _ _ _ _ _ _ _ _ _ _ _ _ _ _ _ _ _ _ _ _ _ _ 
.venv/lib/python3.12/site-packages/asyncpg/connection.py:2443: in connect
    return await connect_utils._connect(
.venv/lib/python3.12/site-packages/asyncpg/connect_utils.py:1249: in _connect
    raise last_error or exceptions.TargetServerAttributeNotMatched(
.venv/lib/python3.12/site-packages/asyncpg/connect_utils.py:1218: in _connect
    conn = await _connect_addr(
.venv/lib/python3.12/site-packages/asyncpg/connect_utils.py:1054: in _connect_addr
    return await __connect_addr(params, True, *args)
           ^^^^^^^^^^^^^^^^^^^^^^^^^^^^^^^^^^^^^^^^^
.venv/lib/python3.12/site-packages/asyncpg/connect_utils.py:1099: in __connect_addr
    tr, pr = await connector
             ^^^^^^^^^^^^^^^
.venv/lib/python3.12/site-packages/asyncpg/connect_utils.py:969: in _create_ssl_connection
    tr, pr = await loop.create_connection(
_ _ _ _ _ _ _ _ _ _ _ _ _ _ _ _ _ _ _ _ _ _ _ _ _ _ _ _ _ _ _ _ _ _ _ _ _ _ _ _ 

self = <_UnixSelectorEventLoop running=False closed=True debug=False>
protocol_factory = <function _create_ssl_connection.<locals>.<lambda> at 0x109ee85e0>
host = 'localhost', port = 5432, ssl = None, family = 0, proto = 0, flags = 0
sock = None, local_addr = None, server_hostname = None
ssl_handshake_timeout = None, ssl_shutdown_timeout = None
happy_eyeballs_delay = None, interleave = None, all_errors = False

    async def create_connection(
            self, protocol_factory, host=None, port=None,
            *, ssl=None, family=0,
            proto=0, flags=0, sock=None,
            local_addr=None, server_hostname=None,
            ssl_handshake_timeout=None,
            ssl_shutdown_timeout=None,
            happy_eyeballs_delay=None, interleave=None,
            all_errors=False):
        """Connect to a TCP server.
    
        Create a streaming transport connection to a given internet host and
        port: socket family AF_INET or socket.AF_INET6 depending on host (or
        family if specified), socket type SOCK_STREAM. protocol_factory must be
        a callable returning a protocol instance.
    
        This method is a coroutine which will try to establish the connection
        in the background.  When successful, the coroutine returns a
        (transport, protocol) pair.
        """
        if server_hostname is not None and not ssl:
            raise ValueError('server_hostname is only meaningful with ssl')
    
        if server_hostname is None and ssl:
            # Use host as default for server_hostname.  It is an error
            # if host is empty or not set, e.g. when an
            # already-connected socket was passed or when only a port
            # is given.  To avoid this error, you can pass
            # server_hostname='' -- this will bypass the hostname
            # check.  (This also means that if host is a numeric
            # IP/IPv6 address, we will attempt to verify that exact
            # address; this will probably fail, but it is possible to
            # create a certificate for a specific IP address, so we
            # don't judge it here.)
            if not host:
                raise ValueError('You must set server_hostname '
                                 'when using ssl without a host')
            server_hostname = host
    
        if ssl_handshake_timeout is not None and not ssl:
            raise ValueError(
                'ssl_handshake_timeout is only meaningful with ssl')
    
        if ssl_shutdown_timeout is not None and not ssl:
            raise ValueError(
                'ssl_shutdown_timeout is only meaningful with ssl')
    
        if sock is not None:
            _check_ssl_socket(sock)
    
        if happy_eyeballs_delay is not None and interleave is None:
            # If using happy eyeballs, default to interleave addresses by family
            interleave = 1
    
        if host is not None or port is not None:
            if sock is not None:
                raise ValueError(
                    'host/port and sock can not be specified at the same time')
    
            infos = await self._ensure_resolved(
                (host, port), family=family,
                type=socket.SOCK_STREAM, proto=proto, flags=flags, loop=self)
            if not infos:
                raise OSError('getaddrinfo() returned empty list')
    
            if local_addr is not None:
                laddr_infos = await self._ensure_resolved(
                    local_addr, family=family,
                    type=socket.SOCK_STREAM, proto=proto,
                    flags=flags, loop=self)
                if not laddr_infos:
                    raise OSError('getaddrinfo() returned empty list')
            else:
                laddr_infos = None
    
            if interleave:
                infos = _interleave_addrinfos(infos, interleave)
    
            exceptions = []
            if happy_eyeballs_delay is None:
                # not using happy eyeballs
                for addrinfo in infos:
                    try:
                        sock = await self._connect_sock(
                            exceptions, addrinfo, laddr_infos)
                        break
                    except OSError:
                        continue
            else:  # using happy eyeballs
                sock = (await staggered.staggered_race(
                    (
                        # can't use functools.partial as it keeps a reference
                        # to exceptions
                        lambda addrinfo=addrinfo: self._connect_sock(
                            exceptions, addrinfo, laddr_infos
                        )
                        for addrinfo in infos
                    ),
                    happy_eyeballs_delay,
                    loop=self,
                ))[0]  # can't use sock, _, _ as it keeks a reference to exceptions
    
            if sock is None:
                exceptions = [exc for sub in exceptions for exc in sub]
                try:
                    if all_errors:
                        raise ExceptionGroup("create_connection failed", exceptions)
                    if len(exceptions) == 1:
                        raise exceptions[0]
                    else:
                        # If they all have the same str(), raise one.
                        model = str(exceptions[0])
                        if all(str(exc) == model for exc in exceptions):
                            raise exceptions[0]
                        # Raise a combined exception so the user can see all
                        # the various error messages.
>                       raise OSError('Multiple exceptions: {}'.format(
                            ', '.join(str(exc) for exc in exceptions)))
E                           OSError: Multiple exceptions: [Errno 61] Connect call failed ('::1', 5432, 0, 0), [Errno 61] Connect call failed ('127.0.0.1', 5432)

../../../.local/share/uv/python/cpython-3.12.12-macos-aarch64-none/lib/python3.12/asyncio/base_events.py:1140: OSError

During handling of the above exception, another exception occurred:

self = <Coroutine test_original_mustkeep_query_survives_later_same_predicate_truth>

    def setup(self) -> None:
        runner_fixture_id = f"_{self._loop_scope}_scoped_runner"
        if runner_fixture_id not in self.fixturenames:
            self.fixturenames.append(runner_fixture_id)
        # When loop factories are configured, resolve the loop factory
        # fixture early so that a factory variant change cascades cache
        # invalidation before any async fixture checks its cache.
        hook_caller = self.config.hook.pytest_asyncio_loop_factories
        if hook_caller.get_hookimpls():
            _ = self._request.getfixturevalue(_asyncio_loop_factory.__name__)
>       return super().setup()
               ^^^^^^^^^^^^^^^

.venv/lib/python3.12/site-packages/pytest_asyncio/plugin.py:558: 
_ _ _ _ _ _ _ _ _ _ _ _ _ _ _ _ _ _ _ _ _ _ _ _ _ _ _ _ _ _ _ _ _ _ _ _ _ _ _ _ 
tests/conftest.py:103: in _disposable_test_db
    dsn = asyncio.run(_setup())
          ^^^^^^^^^^^^^^^^^^^^^
../../../.local/share/uv/python/cpython-3.12.12-macos-aarch64-none/lib/python3.12/asyncio/runners.py:195: in run
    return runner.run(main)
           ^^^^^^^^^^^^^^^^
../../../.local/share/uv/python/cpython-3.12.12-macos-aarch64-none/lib/python3.12/asyncio/runners.py:118: in run
    return self._loop.run_until_complete(task)
           ^^^^^^^^^^^^^^^^^^^^^^^^^^^^^^^^^^^
../../../.local/share/uv/python/cpython-3.12.12-macos-aarch64-none/lib/python3.12/asyncio/base_events.py:691: in run_until_complete
    return future.result()
           ^^^^^^^^^^^^^^^
_ _ _ _ _ _ _ _ _ _ _ _ _ _ _ _ _ _ _ _ _ _ _ _ _ _ _ _ _ _ _ _ _ _ _ _ _ _ _ _ 

    async def _setup() -> str:
        configured = get_settings().test_dsn
        admin_dsn, prefix = _split_dsn(configured)
        if not re.fullmatch(r"[a-zA-Z0-9_]+", prefix):
            raise ValueError(
                "test database name must contain only letters, numbers and underscores"
            )
        # Never drop a configured database. Each pytest invocation owns a new one.
        db_name = prefix[:35] + "_" + uuid4().hex[:12]
        dsn = urlunsplit(urlsplit(configured)._replace(path="/" + db_name))
        try:
            admin = await asyncpg.connect(admin_dsn, timeout=5)
        except (OSError, asyncpg.PostgresError) as exc:
            if os.environ.get("CI") or os.environ.get("MNEMO_REQUIRE_DB") == "1":
>               pytest.fail(f"Required Postgres integration database unavailable: {exc!s}")
E               Failed: Required Postgres integration database unavailable: Multiple exceptions: [Errno 61] Connect call failed ('::1', 5432, 0, 0), [Errno 61] Connect call failed ('127.0.0.1', 5432)

tests/conftest.py:89: Failed
=========================== short test summary info ============================
ERROR tests/test_eval_traceability.py::test_diagnostics_link_decisions_writes_visibility_and_retrieval
ERROR tests/test_eval_traceability.py::test_original_mustkeep_query_survives_later_same_predicate_truth
1 passed, 2 errors in 0.20s
