F                                                                        [100%]
=================================== FAILURES ===================================
______ test_review_equivalence_only_explains_its_explicitly_mapped_target ______

    def test_review_equivalence_only_explains_its_explicitly_mapped_target():
        from mnemo.eval_support import AtomicLabel, EvalDataset, EvalTurn
    
        turn = EvalTurn(
            "multi", "user", "I live in Oslo and my manager is Priya.", "s",
            labels=(AtomicLabel("location", "Oslo", "must_keep"),
                    AtomicLabel("manager", "Priya", "must_keep")),
        )
        dataset = EvalDataset(name="multi", version="1", split="test", turns=(turn,))
        assertion = {"subject": "user", "predicate": "resides_in", "object": "Oslo"}
        write = {**assertion, "seq": 1, "source_span": {"turn_ids": ["multi"]}}
        report = {
            "metadata": {"fingerprints": {"dataset": dataset.fingerprint()}},
            "gated": {"writes": [write], "current_assertions": [write]},
            "decisions": [{"turn_id": "multi", "candidate": assertion,
                           "verification": {"accepted": True}, "outcome": "accepted"}],
        }
        review = {"dataset_sha256": dataset.fingerprint(), "items": [{
            "seq": 1, "turn_id": "multi", "source": turn.text, "assertion": assertion,
            "category": "supported_equivalent", "mapped_targets": [
                {"subject": "user", "predicate": "location", "object": "Oslo"}
            ],
        }]}
        result = analyze_report(report, dataset, review)
        causes = {m["target"]["predicate"]: m["cause"] for m in result["misses"]}
        assert causes["location"] == "label_equivalence"
>       assert causes["manager"] == "extraction_fidelity_or_label_mismatch"
E       AssertionError: assert 'label_equivalence' == 'extraction_f...abel_mismatch'
E         
E         - extraction_fidelity_or_label_mismatch
E         + label_equivalence

tests/test_eval_audit.py:93: AssertionError
=========================== short test summary info ============================
FAILED tests/test_eval_audit.py::test_review_equivalence_only_explains_its_explicitly_mapped_target
1 failed, 3 deselected in 0.08s
