FFF                                                                      [100%]
=================================== FAILURES ===================================
____ test_benchmark_keeps_failed_jobs_retries_and_usage[retry_then_success] ____

mode = 'retry_then_success'
monkeypatch = <_pytest.monkeypatch.MonkeyPatch object at 0x10a3437d0>
tmp_path = PosixPath('/private/var/folders/7w/qlk0gjgs4sq1rnp7q80q5x840000gn/T/pytest-of-yugesh/pytest-1/test_benchmark_keeps_failed_jo0')
fake_embedder = <tests.conftest.FakeEmbedder object at 0x10a0d8320>
_disposable_test_db = 'postgresql://mnemo:mnemo@localhost:5432/mnemo_test_2aeb3a579a30'

    @pytest.mark.parametrize('mode', ['retry_then_success', 'mixed', 'all_failed'])
    async def test_benchmark_keeps_failed_jobs_retries_and_usage(
        mode, monkeypatch, tmp_path, fake_embedder, _disposable_test_db
    ):
        import argparse
        import json
    
        import mnemo.benchmark as benchmark
        from mnemo.quality import HeuristicVerifier
    
        class IntermittentExtractor:
            def __init__(self):
                self.calls = 0
                self.usage = {'requests': 0, 'input_tokens': 0, 'output_tokens': 0}
    
            def extract(self, text, role='user'):
                self.calls += 1
                self.usage['requests'] += 1
                self.usage['input_tokens'] += 10
                if mode == 'all_failed' or self.calls <= (1 if mode == 'retry_then_success' else 2):
                    raise ValueError('invalid source evidence')
                return []
    
        extractor = IntermittentExtractor()
        settings = Settings(_env_file=None, dsn=_disposable_test_db, job_max_attempts=2,
                            job_retry_base_seconds=0, job_retry_max_seconds=0)
        monkeypatch.setattr(benchmark, 'get_settings', lambda: settings)
        monkeypatch.setattr(benchmark, 'build_extractor', lambda s: extractor)
        monkeypatch.setattr(benchmark, 'build_embedder', lambda s: fake_embedder)
        monkeypatch.setattr(benchmark, 'build_verifier', lambda s: HeuristicVerifier())
        output = tmp_path / 'benchmark.json'
>       result = await benchmark.run(argparse.Namespace(samples=2, warmup=0, output=output,
                                                         prices=None, local_usd_per_hour=None))

tests/test_measurement.py:99: 
_ _ _ _ _ _ _ _ _ _ _ _ _ _ _ _ _ _ _ _ _ _ _ _ _ _ _ _ _ _ _ _ _ _ _ _ _ _ _ _ 

args = Namespace(samples=2, warmup=0, output=PosixPath('/private/var/folders/7w/qlk0gjgs4sq1rnp7q80q5x840000gn/T/pytest-of-yugesh/pytest-1/test_benchmark_keeps_failed_jo0/benchmark.json'), prices=None, local_usd_per_hour=None)

    async def run(args: argparse.Namespace) -> dict[str, Any]:
        if args.samples < 1 or args.warmup < 0:
            raise ValueError("samples must be positive; warmup cannot be negative")
        if args.output.exists():
            raise ValueError("output already exists; choose a new measurement report")
        local_compute_cost(0, args.local_usd_per_hour)
        settings = get_settings()
        extractor, embedder, verifier = (
            build_extractor(settings),
            build_embedder(settings),
            build_verifier(settings),
        )
        schema = "mnemo_eval_" + uuid4().hex
        conn = None
        rows = []
        try:
            conn = await prepare_isolated_schema(settings.dsn, schema, embed_dim=settings.embed_dim)
            source = [t for t in load_benchmark_dataset("dev").turns if t.turn_id.endswith("a")]
            worker = ExtractionWorker(conn, embedder, extractor, verifier, settings=settings)
            before_warmup = usage_snapshot(extractor, embedder, verifier)
            for index in range(-args.warmup, args.samples):
                if index == 0:
                    before = usage_snapshot(extractor, embedder, verifier)
                    measured_at = datetime.now(UTC).isoformat()
                    started = time.perf_counter()
                turn = source[index % len(source)]
                store = MnemoStore(
                    conn, embedder, namespace="benchmark-" + str(index), settings=settings
                )
                start = time.perf_counter()
                await store.observe(str(index), turn.text, "benchmark")
                observed = time.perf_counter()
                processed = await worker.process_one()
                completed = time.perf_counter()
                status = await conn.fetchval(
                    "SELECT status FROM extraction_job WHERE turn_id=$1", str(index)
                )
                if not processed or status != "done":
>                   raise RuntimeError(f"benchmark job did not complete: {status}")
E                   RuntimeError: benchmark job did not complete: pending

mnemo/benchmark.py:89: RuntimeError
__________ test_benchmark_keeps_failed_jobs_retries_and_usage[mixed] ___________

mode = 'mixed'
monkeypatch = <_pytest.monkeypatch.MonkeyPatch object at 0x10a526780>
tmp_path = PosixPath('/private/var/folders/7w/qlk0gjgs4sq1rnp7q80q5x840000gn/T/pytest-of-yugesh/pytest-1/test_benchmark_keeps_failed_jo1')
fake_embedder = <tests.conftest.FakeEmbedder object at 0x10a525a90>
_disposable_test_db = 'postgresql://mnemo:mnemo@localhost:5432/mnemo_test_2aeb3a579a30'

    @pytest.mark.parametrize('mode', ['retry_then_success', 'mixed', 'all_failed'])
    async def test_benchmark_keeps_failed_jobs_retries_and_usage(
        mode, monkeypatch, tmp_path, fake_embedder, _disposable_test_db
    ):
        import argparse
        import json
    
        import mnemo.benchmark as benchmark
        from mnemo.quality import HeuristicVerifier
    
        class IntermittentExtractor:
            def __init__(self):
                self.calls = 0
                self.usage = {'requests': 0, 'input_tokens': 0, 'output_tokens': 0}
    
            def extract(self, text, role='user'):
                self.calls += 1
                self.usage['requests'] += 1
                self.usage['input_tokens'] += 10
                if mode == 'all_failed' or self.calls <= (1 if mode == 'retry_then_success' else 2):
                    raise ValueError('invalid source evidence')
                return []
    
        extractor = IntermittentExtractor()
        settings = Settings(_env_file=None, dsn=_disposable_test_db, job_max_attempts=2,
                            job_retry_base_seconds=0, job_retry_max_seconds=0)
        monkeypatch.setattr(benchmark, 'get_settings', lambda: settings)
        monkeypatch.setattr(benchmark, 'build_extractor', lambda s: extractor)
        monkeypatch.setattr(benchmark, 'build_embedder', lambda s: fake_embedder)
        monkeypatch.setattr(benchmark, 'build_verifier', lambda s: HeuristicVerifier())
        output = tmp_path / 'benchmark.json'
>       result = await benchmark.run(argparse.Namespace(samples=2, warmup=0, output=output,
                                                         prices=None, local_usd_per_hour=None))

tests/test_measurement.py:99: 
_ _ _ _ _ _ _ _ _ _ _ _ _ _ _ _ _ _ _ _ _ _ _ _ _ _ _ _ _ _ _ _ _ _ _ _ _ _ _ _ 

args = Namespace(samples=2, warmup=0, output=PosixPath('/private/var/folders/7w/qlk0gjgs4sq1rnp7q80q5x840000gn/T/pytest-of-yugesh/pytest-1/test_benchmark_keeps_failed_jo1/benchmark.json'), prices=None, local_usd_per_hour=None)

    async def run(args: argparse.Namespace) -> dict[str, Any]:
        if args.samples < 1 or args.warmup < 0:
            raise ValueError("samples must be positive; warmup cannot be negative")
        if args.output.exists():
            raise ValueError("output already exists; choose a new measurement report")
        local_compute_cost(0, args.local_usd_per_hour)
        settings = get_settings()
        extractor, embedder, verifier = (
            build_extractor(settings),
            build_embedder(settings),
            build_verifier(settings),
        )
        schema = "mnemo_eval_" + uuid4().hex
        conn = None
        rows = []
        try:
            conn = await prepare_isolated_schema(settings.dsn, schema, embed_dim=settings.embed_dim)
            source = [t for t in load_benchmark_dataset("dev").turns if t.turn_id.endswith("a")]
            worker = ExtractionWorker(conn, embedder, extractor, verifier, settings=settings)
            before_warmup = usage_snapshot(extractor, embedder, verifier)
            for index in range(-args.warmup, args.samples):
                if index == 0:
                    before = usage_snapshot(extractor, embedder, verifier)
                    measured_at = datetime.now(UTC).isoformat()
                    started = time.perf_counter()
                turn = source[index % len(source)]
                store = MnemoStore(
                    conn, embedder, namespace="benchmark-" + str(index), settings=settings
                )
                start = time.perf_counter()
                await store.observe(str(index), turn.text, "benchmark")
                observed = time.perf_counter()
                processed = await worker.process_one()
                completed = time.perf_counter()
                status = await conn.fetchval(
                    "SELECT status FROM extraction_job WHERE turn_id=$1", str(index)
                )
                if not processed or status != "done":
>                   raise RuntimeError(f"benchmark job did not complete: {status}")
E                   RuntimeError: benchmark job did not complete: pending

mnemo/benchmark.py:89: RuntimeError
________ test_benchmark_keeps_failed_jobs_retries_and_usage[all_failed] ________

mode = 'all_failed'
monkeypatch = <_pytest.monkeypatch.MonkeyPatch object at 0x10a524e60>
tmp_path = PosixPath('/private/var/folders/7w/qlk0gjgs4sq1rnp7q80q5x840000gn/T/pytest-of-yugesh/pytest-1/test_benchmark_keeps_failed_jo2')
fake_embedder = <tests.conftest.FakeEmbedder object at 0x10a526c60>
_disposable_test_db = 'postgresql://mnemo:mnemo@localhost:5432/mnemo_test_2aeb3a579a30'

    @pytest.mark.parametrize('mode', ['retry_then_success', 'mixed', 'all_failed'])
    async def test_benchmark_keeps_failed_jobs_retries_and_usage(
        mode, monkeypatch, tmp_path, fake_embedder, _disposable_test_db
    ):
        import argparse
        import json
    
        import mnemo.benchmark as benchmark
        from mnemo.quality import HeuristicVerifier
    
        class IntermittentExtractor:
            def __init__(self):
                self.calls = 0
                self.usage = {'requests': 0, 'input_tokens': 0, 'output_tokens': 0}
    
            def extract(self, text, role='user'):
                self.calls += 1
                self.usage['requests'] += 1
                self.usage['input_tokens'] += 10
                if mode == 'all_failed' or self.calls <= (1 if mode == 'retry_then_success' else 2):
                    raise ValueError('invalid source evidence')
                return []
    
        extractor = IntermittentExtractor()
        settings = Settings(_env_file=None, dsn=_disposable_test_db, job_max_attempts=2,
                            job_retry_base_seconds=0, job_retry_max_seconds=0)
        monkeypatch.setattr(benchmark, 'get_settings', lambda: settings)
        monkeypatch.setattr(benchmark, 'build_extractor', lambda s: extractor)
        monkeypatch.setattr(benchmark, 'build_embedder', lambda s: fake_embedder)
        monkeypatch.setattr(benchmark, 'build_verifier', lambda s: HeuristicVerifier())
        output = tmp_path / 'benchmark.json'
>       result = await benchmark.run(argparse.Namespace(samples=2, warmup=0, output=output,
                                                         prices=None, local_usd_per_hour=None))

tests/test_measurement.py:99: 
_ _ _ _ _ _ _ _ _ _ _ _ _ _ _ _ _ _ _ _ _ _ _ _ _ _ _ _ _ _ _ _ _ _ _ _ _ _ _ _ 

args = Namespace(samples=2, warmup=0, output=PosixPath('/private/var/folders/7w/qlk0gjgs4sq1rnp7q80q5x840000gn/T/pytest-of-yugesh/pytest-1/test_benchmark_keeps_failed_jo2/benchmark.json'), prices=None, local_usd_per_hour=None)

    async def run(args: argparse.Namespace) -> dict[str, Any]:
        if args.samples < 1 or args.warmup < 0:
            raise ValueError("samples must be positive; warmup cannot be negative")
        if args.output.exists():
            raise ValueError("output already exists; choose a new measurement report")
        local_compute_cost(0, args.local_usd_per_hour)
        settings = get_settings()
        extractor, embedder, verifier = (
            build_extractor(settings),
            build_embedder(settings),
            build_verifier(settings),
        )
        schema = "mnemo_eval_" + uuid4().hex
        conn = None
        rows = []
        try:
            conn = await prepare_isolated_schema(settings.dsn, schema, embed_dim=settings.embed_dim)
            source = [t for t in load_benchmark_dataset("dev").turns if t.turn_id.endswith("a")]
            worker = ExtractionWorker(conn, embedder, extractor, verifier, settings=settings)
            before_warmup = usage_snapshot(extractor, embedder, verifier)
            for index in range(-args.warmup, args.samples):
                if index == 0:
                    before = usage_snapshot(extractor, embedder, verifier)
                    measured_at = datetime.now(UTC).isoformat()
                    started = time.perf_counter()
                turn = source[index % len(source)]
                store = MnemoStore(
                    conn, embedder, namespace="benchmark-" + str(index), settings=settings
                )
                start = time.perf_counter()
                await store.observe(str(index), turn.text, "benchmark")
                observed = time.perf_counter()
                processed = await worker.process_one()
                completed = time.perf_counter()
                status = await conn.fetchval(
                    "SELECT status FROM extraction_job WHERE turn_id=$1", str(index)
                )
                if not processed or status != "done":
>                   raise RuntimeError(f"benchmark job did not complete: {status}")
E                   RuntimeError: benchmark job did not complete: pending

mnemo/benchmark.py:89: RuntimeError
=========================== short test summary info ============================
FAILED tests/test_measurement.py::test_benchmark_keeps_failed_jobs_retries_and_usage[retry_then_success]
FAILED tests/test_measurement.py::test_benchmark_keeps_failed_jobs_retries_and_usage[mixed]
FAILED tests/test_measurement.py::test_benchmark_keeps_failed_jobs_retries_and_usage[all_failed]
3 failed, 3 deselected in 0.48s
